Gym has been unmaintained since 2022 and does not support NumPy 2.0 amongst other critical functionality.
Please upgrade to Gymnasium, the maintained drop-in replacement of Gym, or contact the authors of your software and request that they upgrade.
Users of this version of Gym should be able to simply replace 'import gym' with 'import gymnasium as gym' in the vast majority of cases.
See the migration guide at https://gymnasium.farama.org/introduction/migration_guide/ for additional information.
[10-06 12:33:03] INFO: [TENSORBOARD] Fresh events will be saved to: /root/kda-vl-3000-20261006/results/smoke/tensorboard_logs
[10-06 12:33:03] INFO: [TEMPORAL-BACKBONE] CLI override: kda
[10-06 12:33:03] INFO: [CONTRACTS] GRID initialized from runtime cfg: {'n_speeds': 5, 'n_headings': 16, 'v_min': 0.05, 'v_max': 1.0, 'sampling': 'exponential', 'include_stop': False, 'stop_eps': 0.05}
[10-06 12:33:03] INFO: [CONTRACTS] GRID locked from env.config: {'n_speeds': 5, 'n_headings': 16, 'v_min': 0.05, 'v_max': 1.0, 'sampling': 'exponential', 'include_stop': False, 'stop_eps': 0.05}, num_actions=80
[10-06 12:33:03] INFO: [SEED] 使用命令行指定的seed: 419
[10-06 12:33:03] INFO: [SEED] ⚡ CUDA确定性模式已关闭（训练模式，速度优先）
[10-06 12:33:03] INFO: [DENSE-REWARD] progress_reward=0.0, time_penalty=0.0, stand_penalty=0.0
[10-06 12:33:03] INFO: human number: 5
[10-06 12:33:03] INFO: Not randomize human's radius and preferred speed
[10-06 12:33:03] INFO: Training simulation: circle_crossing, test simulation: circle_crossing
[10-06 12:33:03] INFO: Square width: 10.0, circle radius: 4.0
[10-06 12:33:03] INFO: [BOOT] policy=mamba_rl device=cuda
[10-06 12:33:03] INFO: ============================================================
[10-06 12:33:03] INFO: [SOT] env: circle R=4.0 Nh=5 dt=0.25 T=50 | reward: 1.0/-0.5/-0.5 | actions: 80(sampling=exponential, stop=False) | success_radius=0.25 | eval eps=0
[10-06 12:33:03] INFO: ============================================================
[10-06 12:33:03] INFO: [ALGO] Value-lookahead (KDA): one-step lookahead + epsilon-greedy
[10-06 12:33:03] INFO: REWARD: success=1.0, collision=-0.5, timeout=-0.5
[10-06 12:33:03] INFO: TRAINING: lr=1e-05, gamma=0.99, batch=256, updates_per_ep=4
[10-06 12:33:03] INFO: TIMESTEP: dt=0.25s
[10-06 12:33:03] INFO: ============================================================
[10-06 12:33:03] WARNING: Current Python version 3.10 is below the recommended 3.11 version. It is recommended to upgrade to Python 3.11 or higher for the best experience.
[10-06 12:33:07] INFO: [DISCRETE-Q] Q-head initialized: 80 actions (5 speeds × 16 headings, stop=False)
[10-06 12:33:07] INFO: [VALUE-HEAD] Value head initialized (SARL-style, 1-dim output)
[10-06 12:33:07] INFO: [AUXILIARY-HEAD] Future position predictor initialized: 3 neighbors × 4 future steps
[10-06 12:33:07] INFO: [ABLATION] Lookahead scoring mode: full
[10-06 12:33:07] INFO: ================================================================================
[10-06 12:33:07] INFO: [TEMPORAL-BACKBONE] KDA backbone configuration:
[10-06 12:33:07] INFO:   d_model=256, n_layers=4, d_state=64
[10-06 12:33:07] INFO:   d_conv=4, expand=2
[10-06 12:33:07] INFO: [SEQ-FINAL] Sequence Length Configuration (SSOT):
[10-06 12:33:07] INFO:   seq_len=24 (from train.config:[buffer])
[10-06 12:33:07] INFO:   T=24 (should match policy.config:[temporal].T)
[10-06 12:33:07] INFO: [ARCH-FINAL] Architecture: EnhancedSpatial(3-way:robot+human+relation) -> KDA -> DualHead
[10-06 12:33:07] INFO: [DEVICE] cuda
[10-06 12:33:07] INFO: ================================================================================
[10-06 12:33:07] INFO: [SEED] ⚡ CUDA确定性模式已关闭（训练模式，速度优先）
[10-06 12:33:07] INFO: [POLICY-INIT] Main policy built: mamba_rl
[10-06 12:33:07] INFO: [POLICY-INIT] Set multiagent_training=True (5-human crowd navigation)
[10-06 12:33:07] INFO: [MAMBA-RL] Set env_dt=0.25
[10-06 12:33:07] INFO: ✅ debug.md清理：奖励整形器已删除（未实际使用）
[10-06 12:33:07] INFO: ============================================================
[10-06 12:33:07] INFO: [CONFIG-SUMMARY] Training Configuration (Runtime Values)
[10-06 12:33:07] INFO:   Policy: mamba_rl
[10-06 12:33:07] INFO:   Sequence: seq_len=24
[10-06 12:33:07] INFO:   Training: batch_size=256, updates_per_ep=4
[10-06 12:33:07] INFO:   Learning: lr=0.000010, gamma=0.99
[10-06 12:33:07] INFO:   Episodes: 100, device=cuda
[10-06 12:33:07] INFO: ============================================================
[10-06 12:33:07] INFO: [SARL-TRAIN] goal prior=OFF
[10-06 12:33:07] INFO: [CFG-LOCK] circle R=4 Nh=5 dt=0.25 T=50 succ_r=0.25 visible=False actions=80 eval_eps=0
[10-06 12:33:07] INFO: [REWARD-PROFILE] Using profile=benchmark, time_limit=50.0s
[10-06 12:33:07] INFO: [REWARD-BENCHMARK] {'success': 1.0, 'collision': -0.5, 'timeout': -0.5}
[10-06 12:33:07] INFO: [CONFIG-FALLBACK] success=1.0, collision=-0.5, timeout=-0.5
[10-06 12:33:07] INFO: [ACTIVE-REWARD] Using profile-based rewards: {'success': 1.0, 'collision': -0.5, 'timeout': -0.5}
[10-06 12:33:07] INFO: ============================================================
[10-06 12:33:07] INFO: [TRAJECTORY-LOG] Recording enabled: /root/kda-vl-3000-20261006/results/smoke/trajectory.log
[10-06 12:33:07] INFO: [IL-AUTO] 自动检测训练数据...
[10-06 12:33:07] INFO: [IL-AUTO]   离线数据集: None (exists: False)
[10-06 12:33:07] INFO: [IL-AUTO]   BC checkpoint: /root/kda-vl-3000-20261006/results/smoke/il_policy.pth (exists: False)
[10-06 12:33:07] INFO: [IL-AUTO]   IL checkpoint: /root/kda-vl-3000-20261006/results/smoke/ckpt_il.pt (exists: False)
[10-06 12:33:07] INFO: [ABLATION] --skip-il-pretrain enabled: skip ORCA/IL pretraining and IL replay prefill
[10-06 12:33:07] INFO: [IQL-REPLAY] Initialized: capacity=200000, seq_len=24, with MC returns
[10-06 12:33:07] INFO: [SARL-BUFFER] rl_buffer capacity=200000, n_step=1, per=False
[10-06 12:33:07] INFO: [STATS-RESET] TrainingStats reset for RL phase
[10-06 12:33:07] INFO: [IL-BC] Skipping BC training (checkpoint loaded)
[10-06 12:33:07] INFO: [ABLATION] Continuing directly to online RL from random initialization
[10-06 12:33:07] INFO: [CKPT-LOAD] IL warm-start intentionally disabled for w/o ORCA pretraining ablation
[10-06 12:33:07] INFO: [JIT] 4090 UNLEASHED: torch.compile FORCED ON! (reduce-overhead mode, after checkpoint loads)
[10-06 12:33:07] INFO: [CURRICULUM] DISABLED - Focusing on standard environment
[10-06 12:33:07] INFO: [CURRICULUM] RL will use baseline 5-human circle environment (Nh=5, R=4)
[10-06 12:33:07] INFO: [ALGO] Value-lookahead (KDA): value regression + one-step lookahead, lr=1e-05
[10-06 12:33:07] INFO: [SARL-WARMUP] Replay warmup threshold: 5000 transitions
[10-06 12:33:07] INFO: [SARL] n_step=1, use_per=False
[10-06 12:33:07] INFO: [CHECKPOINT] interval=100 episodes
[10-06 12:33:07] INFO: [VECTORIZE] Parallel sampling disabled, using serial explorer
[10-06 12:33:07] INFO: [DIAGNOSTIC] ⚠ Using SERIAL sampling (no parallelization)
[10-06 12:33:07] INFO: [DIAGNOSTIC] Pre-RL policy evaluation (5 episodes)...
[10-06 12:33:07] INFO: [ENV-TRACK] Robot get_full_state #1: radius=0.300, v_pref=1.000, gx=0.000, gy=4.000
[10-06 12:33:07] INFO: [ACTION-SPACE] Built 80 actions (GRID 5×16, stop=False)
[10-06 12:33:08] INFO: [EXPLORER] RL-MAMBA-DOUBLEQ: JointState constructed, state_dim=(34,)
[10-06 12:33:08] INFO: [DENSE-REWARD-STEP] progress=-0.2500, progress_reward=0.0, time_penalty=0.0, robot_speed=1.000, step_reward=0.0000
[10-06 12:33:08] INFO: [ENV-TRACK] Robot get_full_state #2: radius=0.300, v_pref=1.000, gx=0.000, gy=4.000
[10-06 12:33:08] INFO: [ENV-TRACK] Robot get_full_state #3: radius=0.300, v_pref=1.000, gx=0.000, gy=4.000
[10-06 12:33:37] INFO: [DIAGNOSTIC] Pre-RL test performance: s/c/t=0.0%/0.0%/100.0%
[10-06 12:33:37] INFO: [TRAIN] Algorithm: sarl
[10-06 12:33:37] INFO: [P1-RL] Base config: human_num=5, circle_radius=4.0, success_radius=0.25
[10-06 12:33:39] INFO: FIRST_ACTION: Policy doesn't expose continuous action info, skipping debug
[10-06 12:33:39] INFO: [SARL-WARMUP] RL buffer size: 84, waiting for 256...
[10-06 12:33:39] INFO: [RL-EP-0001] (1/100) s/c/t=0/1/0 qloss=0.0000 ploss=0.0000 buf=84
[10-06 12:33:39] INFO:               cumulative s/c/t%: 0.0%/100.0%/0.0%
[10-06 12:33:39] INFO: [REPLAY-STORE] ok=1 skip=0 steps=84 buf=84
[10-06 12:33:40] INFO: [RL-EP-0002] (2/100) s/c/t=0/1/0 qloss=0.0000 ploss=0.0000 buf=138
[10-06 12:33:40] INFO:               cumulative s/c/t%: 0.0%/100.0%/0.0%
[10-06 12:33:40] INFO: [REPLAY-STORE] ok=2 skip=0 steps=138 buf=138
[10-06 12:33:49] INFO: [RL-EP-0003] (3/100) s/c/t=0/0/1 qloss=0.0000 ploss=0.0000 buf=339
[10-06 12:33:49] INFO:               cumulative s/c/t%: 0.0%/66.7%/33.3%
[10-06 12:33:49] INFO: [REPLAY-STORE] ok=3 skip=0 steps=339 buf=339
[10-06 12:33:50] INFO: [RL-EP-0004] (4/100) s/c/t=0/1/0 qloss=0.0000 ploss=0.0000 buf=379
[10-06 12:33:50] INFO:               cumulative s/c/t%: 0.0%/75.0%/25.0%
[10-06 12:33:50] INFO: [REPLAY-STORE] ok=4 skip=0 steps=379 buf=379
[10-06 12:33:55] INFO: [RL-EP-0005] (5/100) s/c/t=0/0/1 qloss=0.0000 ploss=0.0000 buf=580
[10-06 12:33:55] INFO:               cumulative s/c/t%: 0.0%/60.0%/40.0%
[10-06 12:33:55] INFO: [REPLAY-STORE] ok=5 skip=0 steps=580 buf=580
[10-06 12:33:56] INFO: [RL-EP-0006] (6/100) s/c/t=0/1/0 qloss=0.0000 ploss=0.0000 buf=613
[10-06 12:33:56] INFO:               cumulative s/c/t%: 0.0%/66.7%/33.3%
[10-06 12:33:56] INFO: [REPLAY-STORE] ok=6 skip=0 steps=613 buf=613
[10-06 12:34:01] INFO: [RL-EP-0007] (7/100) s/c/t=0/0/1 qloss=0.0000 ploss=0.0000 buf=814
[10-06 12:34:01] INFO:               cumulative s/c/t%: 0.0%/57.1%/42.9%
[10-06 12:34:01] INFO: [REPLAY-STORE] ok=7 skip=0 steps=814 buf=814
[10-06 12:34:06] INFO: [RL-EP-0008] (8/100) s/c/t=0/0/1 qloss=0.0000 ploss=0.0000 buf=1015
[10-06 12:34:06] INFO:               cumulative s/c/t%: 0.0%/50.0%/50.0%
[10-06 12:34:06] INFO: [REPLAY-STORE] ok=8 skip=0 steps=1015 buf=1015
[10-06 12:34:12] INFO: [RL-EP-0009] (9/100) s/c/t=0/0/1 qloss=0.0000 ploss=0.0000 buf=1216
[10-06 12:34:12] INFO:               cumulative s/c/t%: 0.0%/44.4%/55.6%
[10-06 12:34:12] INFO: [REPLAY-STORE] ok=9 skip=0 steps=1216 buf=1216
[10-06 12:34:14] INFO: [RL-EP-0010] (10/100) s/c/t=0/1/0 qloss=0.0000 ploss=0.0000 buf=1323
[10-06 12:34:14] INFO:               cumulative s/c/t%: 0.0%/50.0%/50.0%
[10-06 12:34:14] INFO: [REPLAY-STORE] ok=10 skip=0 steps=1323 buf=1323
[10-06 12:34:19] INFO: [RL-EP-0011] (11/100) s/c/t=0/0/1 qloss=0.0000 ploss=0.0000 buf=1524
[10-06 12:34:19] INFO:               cumulative s/c/t%: 0.0%/45.5%/54.5%
[10-06 12:34:19] INFO: [REPLAY-STORE] ok=11 skip=0 steps=1524 buf=1524
[10-06 12:34:24] INFO: [RL-EP-0012] (12/100) s/c/t=0/0/1 qloss=0.0000 ploss=0.0000 buf=1725
[10-06 12:34:24] INFO:               cumulative s/c/t%: 0.0%/41.7%/58.3%
[10-06 12:34:24] INFO: [REPLAY-STORE] ok=12 skip=0 steps=1725 buf=1725
[10-06 12:34:28] INFO: [RL-EP-0013] (13/100) s/c/t=0/0/1 qloss=0.0000 ploss=0.0000 buf=1926
[10-06 12:34:28] INFO:               cumulative s/c/t%: 0.0%/38.5%/61.5%
[10-06 12:34:28] INFO: [REPLAY-STORE] ok=13 skip=0 steps=1926 buf=1926
[10-06 12:34:33] INFO: [RL-EP-0014] (14/100) s/c/t=0/0/1 qloss=0.0000 ploss=0.0000 buf=2127
[10-06 12:34:33] INFO:               cumulative s/c/t%: 0.0%/35.7%/64.3%
[10-06 12:34:33] INFO: [REPLAY-STORE] ok=14 skip=0 steps=2127 buf=2127
[10-06 12:34:38] INFO: [RL-EP-0015] (15/100) s/c/t=0/0/1 qloss=0.0000 ploss=0.0000 buf=2328
[10-06 12:34:38] INFO:               cumulative s/c/t%: 0.0%/33.3%/66.7%
[10-06 12:34:38] INFO: [REPLAY-STORE] ok=15 skip=0 steps=2328 buf=2328
[10-06 12:34:43] INFO: [RL-EP-0016] (16/100) s/c/t=0/0/1 qloss=0.0000 ploss=0.0000 buf=2529
[10-06 12:34:43] INFO:               cumulative s/c/t%: 0.0%/31.2%/68.8%
[10-06 12:34:43] INFO: [REPLAY-STORE] ok=16 skip=0 steps=2529 buf=2529
[10-06 12:34:48] INFO: [RL-EP-0017] (17/100) s/c/t=0/0/1 qloss=0.0000 ploss=0.0000 buf=2730
[10-06 12:34:48] INFO:               cumulative s/c/t%: 0.0%/29.4%/70.6%
[10-06 12:34:48] INFO: [REPLAY-STORE] ok=17 skip=0 steps=2730 buf=2730
[10-06 12:34:52] INFO: [RL-EP-0018] (18/100) s/c/t=0/0/1 qloss=0.0000 ploss=0.0000 buf=2931
[10-06 12:34:52] INFO:               cumulative s/c/t%: 0.0%/27.8%/72.2%
[10-06 12:34:52] INFO: [REPLAY-STORE] ok=18 skip=0 steps=2931 buf=2931
[10-06 12:34:58] INFO: [RL-EP-0019] (19/100) s/c/t=0/0/1 qloss=0.0000 ploss=0.0000 buf=3132
[10-06 12:34:58] INFO:               cumulative s/c/t%: 0.0%/26.3%/73.7%
[10-06 12:34:58] INFO: [REPLAY-STORE] ok=19 skip=0 steps=3132 buf=3132
[10-06 12:35:02] INFO: [RL-EP-0020] (20/100) s/c/t=0/0/1 qloss=0.0000 ploss=0.0000 buf=3333
[10-06 12:35:02] INFO:               cumulative s/c/t%: 0.0%/25.0%/75.0%
[10-06 12:35:02] INFO: [REPLAY-STORE] ok=20 skip=0 steps=3333 buf=3333
[10-06 12:35:08] INFO: [RL-EP-0021] (21/100) s/c/t=0/0/1 qloss=0.0000 ploss=0.0000 buf=3534
[10-06 12:35:08] INFO:               cumulative s/c/t%: 0.0%/23.8%/76.2%
[10-06 12:35:08] INFO: [REPLAY-STORE] ok=21 skip=0 steps=3534 buf=3534
[10-06 12:35:13] INFO: [RL-EP-0022] (22/100) s/c/t=0/0/1 qloss=0.0000 ploss=0.0000 buf=3735
[10-06 12:35:13] INFO:               cumulative s/c/t%: 0.0%/22.7%/77.3%
[10-06 12:35:13] INFO: [REPLAY-STORE] ok=22 skip=0 steps=3735 buf=3735
[10-06 12:35:18] INFO: [RL-EP-0023] (23/100) s/c/t=0/0/1 qloss=0.0000 ploss=0.0000 buf=3936
[10-06 12:35:18] INFO:               cumulative s/c/t%: 0.0%/21.7%/78.3%
[10-06 12:35:18] INFO: [REPLAY-STORE] ok=23 skip=0 steps=3936 buf=3936
[10-06 12:35:23] INFO: [RL-EP-0024] (24/100) s/c/t=0/0/1 qloss=0.0000 ploss=0.0000 buf=4137
[10-06 12:35:23] INFO:               cumulative s/c/t%: 0.0%/20.8%/79.2%
[10-06 12:35:23] INFO: [REPLAY-STORE] ok=24 skip=0 steps=4137 buf=4137
[10-06 12:35:28] INFO: [SARL-LOSS] ep=25 value_loss=0.0233 epsilon=0.2958
[10-06 12:35:28] INFO: [STAT] ep=025 | roll@25(s/c/t)=0.0/0.2/0.8 (0.00/0.20/0.80) | R.mean=-0.1
[10-06 12:35:28] INFO: [METRICS-25] time=43.38s | dfreq=0.000 | ddist=0.000m
[10-06 12:35:28] INFO: [METRICS-PLOT] 3-metrics curve -> /root/kda-vl-3000-20261006/results/smoke/curves_3metrics.png
[10-06 12:35:28] INFO: [RL-EP-0025] (25/100) s/c/t=0/0/1 qloss=0.0000 ploss=0.0000 buf=4338
[10-06 12:35:28] INFO:               cumulative s/c/t%: 0.0%/20.0%/80.0%
[10-06 12:35:28] INFO: [REPLAY-STORE] ok=25 skip=0 steps=4338 buf=4338
[10-06 12:35:28] INFO: ================================================================================
[10-06 12:35:28] INFO: [MULTI-SCALE-25] TARGET: peak=0.000 stable_90=0ep
[10-06 12:35:28] INFO: [MULTI-SCALE-25] WINDOWS: short=0.000 med=0.000 long=0.000
[10-06 12:35:28] INFO: [MULTI-SCALE-25] QUALITY: stability=0.800 learn_rate=0.00000
[10-06 12:35:28] INFO: [HEALTH-CHECK-25] Overall: NEEDS_IMPROVEMENT (score=0.400)
[10-06 12:35:28] INFO: ================================================================================
[10-06 12:35:29] INFO: [PLOT] curves updated ep=25
[10-06 12:35:34] INFO: [RL-EP-0026] (26/100) s/c/t=0/0/1 qloss=0.0000 ploss=0.0000 buf=4539
[10-06 12:35:34] INFO:               cumulative s/c/t%: 0.0%/19.2%/80.8%
[10-06 12:35:34] INFO: [REPLAY-STORE] ok=26 skip=0 steps=4539 buf=4539
[10-06 12:35:39] INFO: [RL-EP-0027] (27/100) s/c/t=0/0/1 qloss=0.0000 ploss=0.0000 buf=4740
[10-06 12:35:39] INFO:               cumulative s/c/t%: 0.0%/18.5%/81.5%
[10-06 12:35:39] INFO: [REPLAY-STORE] ok=27 skip=0 steps=4740 buf=4740
[10-06 12:35:44] INFO: [RL-EP-0028] (28/100) s/c/t=0/0/1 qloss=0.0000 ploss=0.0000 buf=4941
[10-06 12:35:44] INFO:               cumulative s/c/t%: 0.0%/17.9%/82.1%
[10-06 12:35:44] INFO: [REPLAY-STORE] ok=28 skip=0 steps=4941 buf=4941
[10-06 12:35:49] INFO: [RL-EP-0029] (29/100) s/c/t=0/0/1 qloss=0.0000 ploss=0.0000 buf=5142
[10-06 12:35:49] INFO:               cumulative s/c/t%: 0.0%/17.2%/82.8%
[10-06 12:35:49] INFO: [REPLAY-STORE] ok=29 skip=0 steps=5142 buf=5142
[10-06 12:35:54] INFO: [RL-EP-0030] (30/100) s/c/t=0/0/1 qloss=0.0000 ploss=0.0000 buf=5343
[10-06 12:35:54] INFO:               cumulative s/c/t%: 0.0%/16.7%/83.3%
[10-06 12:35:54] INFO: [REPLAY-STORE] ok=30 skip=0 steps=5343 buf=5343
[10-06 12:35:59] INFO: [RL-EP-0031] (31/100) s/c/t=0/0/1 qloss=0.0000 ploss=0.0000 buf=5544
[10-06 12:35:59] INFO:               cumulative s/c/t%: 0.0%/16.1%/83.9%
[10-06 12:35:59] INFO: [REPLAY-STORE] ok=31 skip=0 steps=5544 buf=5544
[10-06 12:36:04] INFO: [RL-EP-0032] (32/100) s/c/t=0/0/1 qloss=0.0000 ploss=0.0000 buf=5745
[10-06 12:36:04] INFO:               cumulative s/c/t%: 0.0%/15.6%/84.4%
[10-06 12:36:04] INFO: [REPLAY-STORE] ok=32 skip=0 steps=5745 buf=5745
[10-06 12:36:09] INFO: [RL-EP-0033] (33/100) s/c/t=0/0/1 qloss=0.0000 ploss=0.0000 buf=5946
[10-06 12:36:09] INFO:               cumulative s/c/t%: 0.0%/15.2%/84.8%
[10-06 12:36:09] INFO: [REPLAY-STORE] ok=33 skip=0 steps=5946 buf=5946
[10-06 12:36:13] INFO: [RL-EP-0034] (34/100) s/c/t=0/0/1 qloss=0.0000 ploss=0.0000 buf=6147
[10-06 12:36:13] INFO:               cumulative s/c/t%: 0.0%/14.7%/85.3%
[10-06 12:36:13] INFO: [REPLAY-STORE] ok=34 skip=0 steps=6147 buf=6147
[10-06 12:36:19] INFO: [RL-EP-0035] (35/100) s/c/t=0/0/1 qloss=0.0000 ploss=0.0000 buf=6348
[10-06 12:36:19] INFO:               cumulative s/c/t%: 0.0%/14.3%/85.7%
[10-06 12:36:19] INFO: [REPLAY-STORE] ok=35 skip=0 steps=6348 buf=6348
[10-06 12:36:24] INFO: [RL-EP-0036] (36/100) s/c/t=0/0/1 qloss=0.0000 ploss=0.0000 buf=6549
[10-06 12:36:24] INFO:               cumulative s/c/t%: 0.0%/13.9%/86.1%
[10-06 12:36:24] INFO: [REPLAY-STORE] ok=36 skip=0 steps=6549 buf=6549
[10-06 12:36:30] INFO: [RL-EP-0037] (37/100) s/c/t=0/0/1 qloss=0.0000 ploss=0.0000 buf=6750
[10-06 12:36:30] INFO:               cumulative s/c/t%: 0.0%/13.5%/86.5%
[10-06 12:36:30] INFO: [REPLAY-STORE] ok=37 skip=0 steps=6750 buf=6750
[10-06 12:36:34] INFO: [RL-EP-0038] (38/100) s/c/t=0/0/1 qloss=0.0000 ploss=0.0000 buf=6951
[10-06 12:36:34] INFO:               cumulative s/c/t%: 0.0%/13.2%/86.8%
[10-06 12:36:34] INFO: [REPLAY-STORE] ok=38 skip=0 steps=6951 buf=6951
[10-06 12:36:40] INFO: [RL-EP-0039] (39/100) s/c/t=0/0/1 qloss=0.0000 ploss=0.0000 buf=7152
[10-06 12:36:40] INFO:               cumulative s/c/t%: 0.0%/12.8%/87.2%
[10-06 12:36:40] INFO: [REPLAY-STORE] ok=39 skip=0 steps=7152 buf=7152
[10-06 12:36:45] INFO: [RL-EP-0040] (40/100) s/c/t=0/0/1 qloss=0.0000 ploss=0.0000 buf=7353
[10-06 12:36:45] INFO:               cumulative s/c/t%: 0.0%/12.5%/87.5%
[10-06 12:36:45] INFO: [REPLAY-STORE] ok=40 skip=0 steps=7353 buf=7353
[10-06 12:36:49] INFO: [RL-EP-0041] (41/100) s/c/t=0/0/1 qloss=0.0000 ploss=0.0000 buf=7554
[10-06 12:36:49] INFO:               cumulative s/c/t%: 0.0%/12.2%/87.8%
[10-06 12:36:49] INFO: [REPLAY-STORE] ok=41 skip=0 steps=7554 buf=7554
[10-06 12:36:55] INFO: [RL-EP-0042] (42/100) s/c/t=0/0/1 qloss=0.0000 ploss=0.0000 buf=7755
[10-06 12:36:55] INFO:               cumulative s/c/t%: 0.0%/11.9%/88.1%
[10-06 12:36:55] INFO: [REPLAY-STORE] ok=42 skip=0 steps=7755 buf=7755
[10-06 12:37:00] INFO: [RL-EP-0043] (43/100) s/c/t=0/0/1 qloss=0.0000 ploss=0.0000 buf=7956
[10-06 12:37:00] INFO:               cumulative s/c/t%: 0.0%/11.6%/88.4%
[10-06 12:37:00] INFO: [REPLAY-STORE] ok=43 skip=0 steps=7956 buf=7956
[10-06 12:37:05] INFO: [RL-EP-0044] (44/100) s/c/t=0/0/1 qloss=0.0000 ploss=0.0000 buf=8157
[10-06 12:37:05] INFO:               cumulative s/c/t%: 0.0%/11.4%/88.6%
[10-06 12:37:05] INFO: [REPLAY-STORE] ok=44 skip=0 steps=8157 buf=8157
[10-06 12:37:09] INFO: [RL-EP-0045] (45/100) s/c/t=0/0/1 qloss=0.0000 ploss=0.0000 buf=8358
[10-06 12:37:09] INFO:               cumulative s/c/t%: 0.0%/11.1%/88.9%
[10-06 12:37:09] INFO: [REPLAY-STORE] ok=45 skip=0 steps=8358 buf=8358
[10-06 12:37:15] INFO: [RL-EP-0046] (46/100) s/c/t=0/0/1 qloss=0.0000 ploss=0.0000 buf=8559
[10-06 12:37:15] INFO:               cumulative s/c/t%: 0.0%/10.9%/89.1%
[10-06 12:37:15] INFO: [REPLAY-STORE] ok=46 skip=0 steps=8559 buf=8559
[10-06 12:37:20] INFO: [RL-EP-0047] (47/100) s/c/t=0/0/1 qloss=0.0000 ploss=0.0000 buf=8760
[10-06 12:37:20] INFO:               cumulative s/c/t%: 0.0%/10.6%/89.4%
[10-06 12:37:20] INFO: [REPLAY-STORE] ok=47 skip=0 steps=8760 buf=8760
[10-06 12:37:24] INFO: [RL-EP-0048] (48/100) s/c/t=0/0/1 qloss=0.0000 ploss=0.0000 buf=8961
[10-06 12:37:24] INFO:               cumulative s/c/t%: 0.0%/10.4%/89.6%
[10-06 12:37:24] INFO: [REPLAY-STORE] ok=48 skip=0 steps=8961 buf=8961
[10-06 12:37:30] INFO: [RL-EP-0049] (49/100) s/c/t=0/0/1 qloss=0.0000 ploss=0.0000 buf=9162
[10-06 12:37:30] INFO:               cumulative s/c/t%: 0.0%/10.2%/89.8%
[10-06 12:37:30] INFO: [REPLAY-STORE] ok=49 skip=0 steps=9162 buf=9162
[10-06 12:37:30] INFO: [CONFIG-CHECK] ep=50 updates_per_ep=4 (from config)
[10-06 12:37:35] INFO: [SARL-LOSS] ep=50 value_loss=0.0135 epsilon=0.2917
[10-06 12:37:35] INFO: [STAT] ep=050 | roll@25(s/c/t)=0.0/0.1/0.9 (0.00/0.10/0.90) | R.mean=-0.1
[10-06 12:37:35] INFO: [METRICS-25] time=46.81s | dfreq=0.000 | ddist=0.000m
[10-06 12:37:35] INFO: [METRICS-PLOT] 3-metrics curve -> /root/kda-vl-3000-20261006/results/smoke/curves_3metrics.png
[10-06 12:37:35] INFO: [RL-EP-0050] (50/100) s/c/t=0/0/1 qloss=0.0000 ploss=0.0000 buf=9363
[10-06 12:37:35] INFO:               cumulative s/c/t%: 0.0%/10.0%/90.0%
[10-06 12:37:35] INFO: [REPLAY-STORE] ok=50 skip=0 steps=9363 buf=9363
[10-06 12:37:35] INFO: ================================================================================
[10-06 12:37:35] INFO: [MULTI-SCALE-50] TARGET: peak=0.000 stable_90=0ep
[10-06 12:37:35] INFO: [MULTI-SCALE-50] WINDOWS: short=0.000 med=0.000 long=0.000
[10-06 12:37:35] INFO: [MULTI-SCALE-50] QUALITY: stability=0.800 learn_rate=0.00000
[10-06 12:37:35] INFO: [HEALTH-CHECK-50] Overall: NEEDS_IMPROVEMENT (score=0.400)
[10-06 12:37:35] INFO: ================================================================================
[10-06 12:37:36] INFO: [PLOT] curves updated ep=50
[10-06 12:37:41] INFO: [RL-EP-0051] (51)
[10-06 12:37:46] INFO: [RL-EP-0052] (52)
[10-06 12:37:51] INFO: [RL-EP-0053] (53)
[10-06 12:37:55] INFO: [RL-EP-0054] (54)
[10-06 12:38:00] INFO: [RL-EP-0055] roll=0.000/0.040/0.960
[10-06 12:38:06] INFO: [RL-EP-0056] (56)
[10-06 12:38:10] INFO: [RL-EP-0057] (57)
[10-06 12:38:15] INFO: [RL-EP-0058] (58)
[10-06 12:38:20] INFO: [RL-EP-0059] (59)
[10-06 12:38:25] INFO: [RL-EP-0060] roll=0.000/0.000/1.000
[10-06 12:38:30] INFO: [RL-EP-0061] (61)
[10-06 12:38:35] INFO: [RL-EP-0062] (62)
[10-06 12:38:40] INFO: [RL-EP-0063] (63)
[10-06 12:38:45] INFO: [RL-EP-0064] (64)
[10-06 12:38:50] INFO: [RL-EP-0065] roll=0.000/0.000/1.000
[10-06 12:38:55] INFO: [RL-EP-0066] (66)
[10-06 12:39:00] INFO: [RL-EP-0067] (67)
[10-06 12:39:06] INFO: [RL-EP-0068] (68)
[10-06 12:39:11] INFO: [RL-EP-0069] (69)
[10-06 12:39:16] INFO: [RL-EP-0070] roll=0.000/0.000/1.000
[10-06 12:39:21] INFO: [RL-EP-0071] (71)
[10-06 12:39:26] INFO: [RL-EP-0072] (72)
[10-06 12:39:31] INFO: [RL-EP-0073] (73)
[10-06 12:39:36] INFO: [RL-EP-0074] (74)
[10-06 12:39:41] INFO: [SARL-LOSS] ep=75 value_loss=0.0107 epsilon=0.2875
[10-06 12:39:41] INFO: [STAT] ep=075 | roll@25(s/c/t)=0.0/0.0/1.0 (0.00/0.00/1.00) | R.mean=-0.1
[10-06 12:39:41] INFO: [METRICS-25] time=50.25s | dfreq=0.000 | ddist=0.000m
[10-06 12:39:42] INFO: [METRICS-PLOT] 3-metrics curve -> /root/kda-vl-3000-20261006/results/smoke/curves_3metrics.png
[10-06 12:39:42] INFO: [RL-EP-0075] (75/100) s/c/t=0/0/1 qloss=0.0000 ploss=0.0000 buf=14388
[10-06 12:39:42] INFO:               cumulative s/c/t%: 0.0%/0.0%/100.0%
[10-06 12:39:42] INFO: [REPLAY-STORE] ok=75 skip=0 steps=14388 buf=14388
[10-06 12:39:42] INFO: [STAGE0-MONITOR] timeout_ratio=1.000 (target: decrease over time)
[10-06 12:39:42] INFO: ================================================================================
[10-06 12:39:42] INFO: [MULTI-SCALE-75] TARGET: peak=0.000 stable_90=0ep
[10-06 12:39:42] INFO: [MULTI-SCALE-75] WINDOWS: short=0.000 med=0.000 long=0.000
[10-06 12:39:42] INFO: [MULTI-SCALE-75] QUALITY: stability=0.800 learn_rate=0.00000
[10-06 12:39:42] INFO: [HEALTH-CHECK-75] Overall: NEEDS_IMPROVEMENT (score=0.400)
[10-06 12:39:42] INFO: ================================================================================
[10-06 12:39:42] INFO: [PLOT] curves updated ep=75
[10-06 12:39:47] INFO: [RL-EP-0076] (76)
[10-06 12:39:52] INFO: [RL-EP-0077] (77)
[10-06 12:39:57] INFO: [RL-EP-0078] (78)
[10-06 12:40:02] INFO: [RL-EP-0079] (79)
[10-06 12:40:07] INFO: [RL-EP-0080] roll=0.000/0.000/1.000
[10-06 12:40:12] INFO: [RL-EP-0081] (81)
[10-06 12:40:17] INFO: [RL-EP-0082] (82)
[10-06 12:40:22] INFO: [RL-EP-0083] (83)
[10-06 12:40:27] INFO: [RL-EP-0084] (84)
[10-06 12:40:32] INFO: [RL-EP-0085] roll=0.000/0.000/1.000
[10-06 12:40:37] INFO: [RL-EP-0086] (86)
[10-06 12:40:42] INFO: [RL-EP-0087] (87)
[10-06 12:40:47] INFO: [RL-EP-0088] (88)
[10-06 12:40:53] INFO: [RL-EP-0089] (89)
[10-06 12:40:57] INFO: [RL-EP-0090] roll=0.000/0.000/1.000
[10-06 12:41:02] INFO: [RL-EP-0091] (91)
[10-06 12:41:08] INFO: [RL-EP-0092] (92)
[10-06 12:41:13] INFO: [RL-EP-0093] (93)
[10-06 12:41:18] INFO: [RL-EP-0094] (94)
[10-06 12:41:23] INFO: [RL-EP-0095] roll=0.000/0.000/1.000
[10-06 12:41:28] INFO: [RL-EP-0096] (96)
[10-06 12:41:33] INFO: [RL-EP-0097] (97)
[10-06 12:41:38] INFO: [RL-EP-0098] (98)
[10-06 12:41:44] INFO: [RL-EP-0099] (99)
[10-06 12:41:44] INFO: [CONFIG-CHECK] ep=100 updates_per_ep=4 (from config)
[10-06 12:41:44] INFO: [SARL-EPSILON] ep=100 epsilon=0.2833 (start=0.3, end=0.05, decay=1500)
[10-06 12:41:49] INFO: [SARL-REPLAY] ep=100 buffer_size=19413 updates=4
[10-06 12:41:49] INFO: [SARL-LOSS] ep=100 value_loss=0.0082 epsilon=0.2833
[10-06 12:41:49] INFO: [SARL-STATS] ep=100 buffer_size=19413
[10-06 12:41:49] INFO: [STAT] ep=100 | roll@25(s/c/t)=0.0/0.0/1.0 (0.00/0.00/1.00) | R.mean=-0.1
[10-06 12:41:49] INFO: [METRICS-25] time=50.25s | dfreq=0.000 | ddist=0.000m
[10-06 12:41:49] INFO: [METRICS-PLOT] 3-metrics curve -> /root/kda-vl-3000-20261006/results/smoke/curves_3metrics.png
[10-06 12:41:49] INFO: [RL-EP-0100] (100/100) s/c/t=0/0/1 qloss=0.0000 ploss=0.0000 buf=19413
[10-06 12:41:49] INFO:               cumulative s/c/t%: 0.0%/0.0%/100.0%
[10-06 12:41:49] INFO: [REPLAY-STORE] ok=100 skip=0 steps=19413 buf=19413
[10-06 12:41:49] INFO: [STAGE0-MONITOR] timeout_ratio=1.000 (target: decrease over time)
[10-06 12:41:49] INFO: [SOT-0100] REWARD succ=1.0/coll=-0.50 | GRID 5×16=80 | EVENTS s=0.00/c=0.00/t=1.00 WARNINGTIMEOUT_ALERT(41/50)
[10-06 12:41:49] WARNING: [P2-SOT-ALERT] Detected 41/50 timeout episodes! Checking configuration...
[10-06 12:41:49] WARNING: [P2-SOT-ALERT] Current time_limit=50.0s, dt=0.25s = 200 max steps
[10-06 12:41:49] WARNING: [P2-SOT-ALERT] Current circle_radius=4.0m, human_num=5
[10-06 12:41:49] WARNING: [P2-SOT-ALERT] Consider increasing time_limit or decreasing difficulty if task is infeasible
[10-06 12:41:49] INFO: ================================================================================
[10-06 12:41:49] INFO: [MULTI-SCALE-100] TARGET: peak=0.000 stable_90=0ep
[10-06 12:41:49] INFO: [MULTI-SCALE-100] WINDOWS: short=0.000 med=0.000 long=0.000
[10-06 12:41:49] INFO: [MULTI-SCALE-100] QUALITY: stability=0.800 learn_rate=0.00000
[10-06 12:41:49] INFO: [HEALTH-CHECK-100] Overall: NEEDS_IMPROVEMENT (score=0.400)
[10-06 12:41:49] INFO: ================================================================================
[10-06 12:41:50] INFO: [PLOT] curves updated ep=100
[10-06 12:41:50] INFO: [RL-SAVE] sarl checkpoint -> /root/kda-vl-3000-20261006/results/smoke/rl_model_ep100.pth
[10-06 12:41:50] INFO: [RL-SAVE] Saved components: policy, target network, optimizer
[10-06 12:41:50] INFO: ================================================================================
[10-06 12:41:50] INFO: 
[10-06 12:41:50] INFO: ================================================================================
[10-06 12:41:50] INFO: [FINAL-STATS] Episodes completed: 100
[10-06 12:41:50] INFO: [FINAL-STATS] Average Success Rate:   0.000 (0.0%)
[10-06 12:41:50] INFO: [FINAL-STATS] Average Collision Rate: 0.149 (14.9%)
[10-06 12:41:50] INFO: [FINAL-STATS] Average Timeout Rate:   0.851 (85.1%)
[10-06 12:41:50] INFO: [FINAL-STATS] Average Reward:         -0.08
[10-06 12:41:50] INFO: [FINAL-STATS] Average Time Taken:     48.53s
[10-06 12:41:50] INFO: [FINAL-STATS] Average Discomfort Freq: 0.000
[10-06 12:41:50] INFO: [FINAL-STATS] Average Discomfort Dist: 0.000m
[10-06 12:41:50] INFO: [FINAL-STATS] Best Evaluation Success: 0.000 (0.0%)
[10-06 12:41:50] INFO: [STATUS] 📊 Current performance: 0.0%, continuing towards 90% target
[10-06 12:41:50] INFO: ================================================================================
[10-06 12:41:50] INFO: [DONE] Training completed - best_eval_success=0.000
[10-06 12:41:50] INFO: [MAIN-COMPLETE] Training finished with best evaluation success: 0.000
[10-06 12:41:50] INFO: [ABLATION] w/o ORCA pretraining marker written
[10-06 12:41:50] INFO: [TRAJECTORY-LOG] Trajectory file closed successfully
[10-06 12:41:50] INFO: [TENSORBOARD] Events file closed successfully
[W1006 12:41:51.841772607 AllocatorConfig.cpp:28] Warning: PYTORCH_CUDA_ALLOC_CONF is deprecated, use PYTORCH_ALLOC_CONF instead (function operator())
