Gym has been unmaintained since 2022 and does not support NumPy 2.0 amongst other critical functionality.
Please upgrade to Gymnasium, the maintained drop-in replacement of Gym, or contact the authors of your software and request that they upgrade.
Users of this version of Gym should be able to simply replace 'import gym' with 'import gymnasium as gym' in the vast majority of cases.
See the migration guide at https://gymnasium.farama.org/introduction/migration_guide/ for additional information.
kda 2 89000 success PARITY_OK
kda 2 89001 success PARITY_OK
kda 2 89002 success PARITY_OK
kda 2 89003 success PARITY_OK
kda 2 89004 success PARITY_OK
kda 2 89005 success PARITY_OK
kda 2 89006 success PARITY_OK
kda 2 89007 success PARITY_OK
kda 2 89008 success PARITY_OK
kda 2 89009 success PARITY_OK
kda 2 89010 collision PARITY_OK
kda 2 89011 collision PARITY_OK
kda 2 89012 success PARITY_OK
kda 2 89013 success PARITY_OK
kda 2 89014 success PARITY_OK
kda 2 89015 success PARITY_OK
kda 2 89016 success PARITY_OK
kda 2 89017 success PARITY_OK
kda 2 89018 success PARITY_OK
kda 2 89019 success PARITY_OK
kda 2 89020 success PARITY_OK
kda 2 89021 success PARITY_OK
kda 2 89022 success PARITY_OK
kda 2 89023 collision PARITY_OK
kda 2 89024 success PARITY_OK
kda 2 89025 success PARITY_OK
kda 2 89026 collision PARITY_OK
kda 2 89027 success PARITY_OK
kda 2 89028 success PARITY_OK
kda 2 89029 success PARITY_OK
kda 2 89030 collision PARITY_OK
kda 2 89031 collision PARITY_OK
kda 3 89000 success PARITY_OK
kda 3 89001 collision PARITY_OK
kda 3 89002 success PARITY_OK
kda 3 89003 success PARITY_OK
kda 3 89004 success PARITY_OK
kda 3 89005 success PARITY_OK
kda 3 89006 success PARITY_OK
kda 3 89007 success PARITY_OK
kda 3 89008 success PARITY_OK
kda 3 89009 success PARITY_OK
kda 3 89010 success PARITY_OK
kda 3 89011 success PARITY_OK
kda 3 89012 success PARITY_OK
kda 3 89013 success PARITY_OK
kda 3 89014 success PARITY_OK
kda 3 89015 success PARITY_OK
kda 3 89016 success PARITY_OK
kda 3 89017 success PARITY_OK
kda 3 89018 success PARITY_OK
kda 3 89019 success PARITY_OK
kda 3 89020 success PARITY_OK
kda 3 89021 success PARITY_OK
kda 3 89022 success PARITY_OK
kda 3 89023 success PARITY_OK
kda 3 89024 success PARITY_OK
kda 3 89025 success PARITY_OK
kda 3 89026 success PARITY_OK
kda 3 89027 success PARITY_OK
kda 3 89028 success PARITY_OK
kda 3 89029 success PARITY_OK
kda 3 89030 success PARITY_OK
kda 3 89031 success PARITY_OK
kda 4 89000 collision PARITY_OK
kda 4 89001 collision PARITY_OK
kda 4 89002 success PARITY_OK
kda 4 89003 success PARITY_OK
kda 4 89004 success PARITY_OK
kda 4 89005 success PARITY_OK
kda 4 89006 success PARITY_OK
kda 4 89007 collision PARITY_OK
kda 4 89008 success PARITY_OK
kda 4 89009 success PARITY_OK
kda 4 89010 success PARITY_OK
kda 4 89011 success PARITY_OK
kda 4 89012 success PARITY_OK
kda 4 89013 success PARITY_OK
kda 4 89014 success PARITY_OK
kda 4 89015 collision PARITY_OK
kda 4 89016 success PARITY_OK
kda 4 89017 collision PARITY_OK
kda 4 89018 collision PARITY_OK
kda 4 89019 success PARITY_OK
kda 4 89020 success PARITY_OK
kda 4 89021 success PARITY_OK
kda 4 89022 success PARITY_OK
kda 4 89023 collision PARITY_OK
kda 4 89024 success PARITY_OK
kda 4 89025 success PARITY_OK
kda 4 89026 timeout PARITY_OK
kda 4 89027 success PARITY_OK
kda 4 89028 collision PARITY_OK
kda 4 89029 success PARITY_OK
kda 4 89030 collision PARITY_OK
kda 4 89031 success PARITY_OK
kda 5 89000 timeout PARITY_OK
kda 5 89001 success PARITY_OK
kda 5 89002 timeout PARITY_OK
kda 5 89003 timeout PARITY_OK
kda 5 89004 success PARITY_OK
kda 5 89005 success PARITY_OK
kda 5 89006 success PARITY_OK
kda 5 89007 success PARITY_OK
kda 5 89008 success PARITY_OK
kda 5 89009 success PARITY_OK
kda 5 89010 timeout PARITY_OK
kda 5 89011 success PARITY_OK
kda 5 89012 timeout PARITY_OK
kda 5 89013 success PARITY_OK
kda 5 89014 success PARITY_OK
kda 5 89015 success PARITY_OK
kda 5 89016 timeout PARITY_OK
kda 5 89017 success PARITY_OK
kda 5 89018 collision PARITY_OK
kda 5 89019 timeout PARITY_OK
kda 5 89020 timeout PARITY_OK
kda 5 89021 collision PARITY_OK
kda 5 89022 success PARITY_OK
kda 5 89023 success PARITY_OK
kda 5 89024 collision PARITY_OK
kda 5 89025 success PARITY_OK
kda 5 89026 success PARITY_OK
kda 5 89027 success PARITY_OK
kda 5 89028 success PARITY_OK
kda 5 89029 timeout PARITY_OK
kda 5 89030 success PARITY_OK
kda 5 89031 success PARITY_OK
[W1008 02:37:34.679337352 AllocatorConfig.cpp:28] Warning: PYTORCH_CUDA_ALLOC_CONF is deprecated, use PYTORCH_ALLOC_CONF instead (function operator())
