Gym has been unmaintained since 2022 and does not support NumPy 2.0 amongst other critical functionality.
Please upgrade to Gymnasium, the maintained drop-in replacement of Gym, or contact the authors of your software and request that they upgrade.
Users of this version of Gym should be able to simply replace 'import gym' with 'import gymnasium as gym' in the vast majority of cases.
See the migration guide at https://gymnasium.farama.org/introduction/migration_guide/ for additional information.
WARNING:fla.utils._device:Current Python version 3.10 is below the recommended 3.11 version. It is recommended to upgrade to Python 3.11 or higher for the best experience.
{"rule": "nearest5", "cell": 4, "episodes": 10}
{"rule": "nearest5", "cell": 4, "episodes": 20}
{"rule": "nearest5", "cell": 4, "episodes": 30}
{"rule": "nearest5", "cell": 4, "episodes": 40}
{"rule": "nearest5", "cell": 4, "episodes": 50}
{"rule": "nearest5", "cell": 4, "episodes": 60}
{"rule": "nearest5", "cell": 4, "episodes": 70}
{"rule": "nearest5", "cell": 4, "episodes": 80}
{"rule": "nearest5", "cell": 4, "episodes": 90}
{"rule": "nearest5", "cell": 4, "episodes": 100}
{"rule": "nearest5", "cell": 4, "episodes": 110}
{"rule": "nearest5", "cell": 4, "episodes": 120}
{"rule": "nearest5", "cell": 4, "episodes": 130}
{"rule": "nearest5", "cell": 4, "episodes": 140}
{"rule": "nearest5", "cell": 4, "episodes": 150}
{"rule": "nearest5", "cell": 4, "episodes": 160}
{"rule": "nearest5", "cell": 4, "episodes": 170}
{"rule": "nearest5", "cell": 4, "episodes": 180}
{"rule": "nearest5", "cell": 4, "episodes": 190}
{"rule": "nearest5", "cell": 4, "episodes": 200}
{"rule": "nearest5", "cell": 4, "episodes": 210}
{"rule": "nearest5", "cell": 4, "episodes": 220}
{"rule": "nearest5", "cell": 4, "episodes": 230}
{"rule": "nearest5", "cell": 4, "episodes": 240}
{"rule": "nearest5", "cell": 4, "episodes": 250}
{"rule": "nearest5", "cell": 4, "episodes": 260}
{"rule": "nearest5", "cell": 4, "episodes": 270}
{"rule": "nearest5", "cell": 4, "episodes": 280}
{"rule": "nearest5", "cell": 4, "episodes": 290}
{"rule": "nearest5", "cell": 4, "episodes": 300}
{"rule": "nearest5", "cell": 4, "episodes": 310}
{"rule": "nearest5", "cell": 4, "episodes": 320}
{"rule": "nearest5", "cell": 4, "episodes": 330}
{"rule": "nearest5", "cell": 4, "episodes": 340}
{"rule": "nearest5", "cell": 4, "episodes": 350}
{"rule": "nearest5", "cell": 4, "episodes": 360}
{"rule": "nearest5", "cell": 4, "episodes": 370}
{"rule": "nearest5", "cell": 4, "episodes": 380}
{"rule": "nearest5", "cell": 4, "episodes": 390}
{"rule": "nearest5", "cell": 4, "episodes": 400}
{"rule": "nearest5", "cell": 4, "episodes": 410}
{"rule": "nearest5", "cell": 4, "episodes": 420}
{"rule": "nearest5", "cell": 4, "episodes": 430}
{"rule": "nearest5", "cell": 4, "episodes": 440}
{"rule": "nearest5", "cell": 4, "episodes": 450}
{"rule": "nearest5", "cell": 4, "episodes": 460}
{"rule": "nearest5", "cell": 4, "episodes": 470}
{"rule": "nearest5", "cell": 4, "episodes": 480}
{"rule": "nearest5", "cell": 4, "episodes": 490}
{"rule": "nearest5", "cell": 4, "episodes": 500}
[W1008 17:36:48.719402212 AllocatorConfig.cpp:28] Warning: PYTORCH_CUDA_ALLOC_CONF is deprecated, use PYTORCH_ALLOC_CONF instead (function operator())
