[10-06 12:28:39] INFO: [TENSORBOARD] Fresh events will be saved to: /root/kda-vl-3000-20261006/results/smoke/tensorboard_logs
[10-06 12:28:39] INFO: [TEMPORAL-BACKBONE] CLI override: kda
[10-06 12:28:39] INFO: [CONTRACTS] GRID initialized from runtime cfg: {'n_speeds': 5, 'n_headings': 16, 'v_min': 0.05, 'v_max': 1.0, 'sampling': 'exponential', 'include_stop': False, 'stop_eps': 0.05}
[10-06 12:28:39] INFO: [CONTRACTS] GRID locked from env.config: {'n_speeds': 5, 'n_headings': 16, 'v_min': 0.05, 'v_max': 1.0, 'sampling': 'exponential', 'include_stop': False, 'stop_eps': 0.05}, num_actions=80
[10-06 12:28:39] INFO: [SEED] 使用命令行指定的seed: 419
[10-06 12:28:39] INFO: [SEED] ⚡ CUDA确定性模式已关闭（训练模式，速度优先）
[10-06 12:28:39] INFO: [DENSE-REWARD] progress_reward=0.0, time_penalty=0.0, stand_penalty=0.0
[10-06 12:28:39] INFO: human number: 5
[10-06 12:28:39] INFO: Not randomize human's radius and preferred speed
[10-06 12:28:39] INFO: Training simulation: circle_crossing, test simulation: circle_crossing
[10-06 12:28:39] INFO: Square width: 10.0, circle radius: 4.0
[10-06 12:28:39] INFO: [BOOT] policy=mamba_rl device=cuda
[10-06 12:28:39] INFO: ============================================================
[10-06 12:28:39] INFO: [SOT] env: circle R=4.0 Nh=5 dt=0.25 T=50 | reward: 1.0/-0.5/-0.5 | actions: 80(sampling=exponential, stop=False) | success_radius=0.25 | eval eps=0
[10-06 12:28:39] INFO: ============================================================
[10-06 12:28:39] INFO: [ALGO] Value-lookahead (KDA): one-step lookahead + epsilon-greedy
[10-06 12:28:39] INFO: REWARD: success=1.0, collision=-0.5, timeout=-0.5
[10-06 12:28:39] INFO: TRAINING: lr=1e-05, gamma=0.99, batch=256, updates_per_ep=4
[10-06 12:28:39] INFO: TIMESTEP: dt=0.25s
[10-06 12:28:39] INFO: ============================================================
[10-06 12:28:39] WARNING: Current Python version 3.10 is below the recommended 3.11 version. It is recommended to upgrade to Python 3.11 or higher for the best experience.
[10-06 12:28:43] INFO: [DISCRETE-Q] Q-head initialized: 80 actions (5 speeds × 16 headings, stop=False)
[10-06 12:28:43] INFO: [VALUE-HEAD] Value head initialized (SARL-style, 1-dim output)
[10-06 12:28:43] INFO: [AUXILIARY-HEAD] Future position predictor initialized: 3 neighbors × 4 future steps
[10-06 12:28:43] INFO: [ABLATION] Lookahead scoring mode: full
[10-06 12:28:43] INFO: ================================================================================
[10-06 12:28:43] INFO: [TEMPORAL-BACKBONE] KDA backbone configuration:
[10-06 12:28:43] INFO:   d_model=256, n_layers=4, d_state=64
[10-06 12:28:43] INFO:   d_conv=4, expand=2
[10-06 12:28:43] INFO: [SEQ-FINAL] Sequence Length Configuration (SSOT):
[10-06 12:28:43] INFO:   seq_len=24 (from train.config:[buffer])
[10-06 12:28:43] INFO:   T=24 (should match policy.config:[temporal].T)
[10-06 12:28:43] INFO: [ARCH-FINAL] Architecture: EnhancedSpatial(3-way:robot+human+relation) -> KDA -> DualHead
[10-06 12:28:43] INFO: [DEVICE] cuda
[10-06 12:28:43] INFO: ================================================================================
[10-06 12:28:43] INFO: [SEED] ⚡ CUDA确定性模式已关闭（训练模式，速度优先）
[10-06 12:28:43] INFO: [POLICY-INIT] Main policy built: mamba_rl
[10-06 12:28:43] INFO: [POLICY-INIT] Set multiagent_training=True (5-human crowd navigation)
[10-06 12:28:43] INFO: [MAMBA-RL] Set env_dt=0.25
[10-06 12:28:43] INFO: ✅ debug.md清理：奖励整形器已删除（未实际使用）
[10-06 12:28:43] INFO: ============================================================
[10-06 12:28:43] INFO: [CONFIG-SUMMARY] Training Configuration (Runtime Values)
[10-06 12:28:43] INFO:   Policy: mamba_rl
[10-06 12:28:43] INFO:   Sequence: seq_len=24
[10-06 12:28:43] INFO:   Training: batch_size=256, updates_per_ep=4
[10-06 12:28:43] INFO:   Learning: lr=0.000010, gamma=0.99
[10-06 12:28:43] INFO:   Episodes: 100, device=cuda
[10-06 12:28:43] INFO: ============================================================
[10-06 12:28:43] INFO: [SARL-TRAIN] goal prior=OFF
[10-06 12:28:43] INFO: [CFG-LOCK] circle R=4 Nh=5 dt=0.25 T=50 succ_r=0.25 visible=False actions=80 eval_eps=0
[10-06 12:28:43] INFO: [REWARD-PROFILE] Using profile=benchmark, time_limit=50.0s
[10-06 12:28:43] INFO: [REWARD-BENCHMARK] {'success': 1.0, 'collision': -0.5, 'timeout': -0.5}
[10-06 12:28:43] INFO: [CONFIG-FALLBACK] success=1.0, collision=-0.5, timeout=-0.5
[10-06 12:28:43] INFO: [ACTIVE-REWARD] Using profile-based rewards: {'success': 1.0, 'collision': -0.5, 'timeout': -0.5}
[10-06 12:28:43] INFO: ============================================================
[10-06 12:28:43] INFO: [TRAJECTORY-LOG] Recording enabled: /root/kda-vl-3000-20261006/results/smoke/trajectory.log
[10-06 12:28:43] INFO: [IL-AUTO] 自动检测训练数据...
[10-06 12:28:43] INFO: [IL-AUTO]   离线数据集: None (exists: False)
[10-06 12:28:43] INFO: [IL-AUTO]   BC checkpoint: /root/kda-vl-3000-20261006/results/smoke/il_policy.pth (exists: False)
[10-06 12:28:43] INFO: [IL-AUTO]   IL checkpoint: /root/kda-vl-3000-20261006/results/smoke/ckpt_il.pt (exists: False)
[10-06 12:28:43] INFO: [ABLATION] --skip-il-pretrain enabled: skip ORCA/IL pretraining and IL replay prefill
[10-06 12:28:43] INFO: [IQL-REPLAY] Initialized: capacity=200000, seq_len=24, with MC returns
[10-06 12:28:43] INFO: [SARL-BUFFER] rl_buffer capacity=200000, n_step=1, per=False
[10-06 12:28:43] INFO: [STATS-RESET] TrainingStats reset for RL phase
[10-06 12:28:43] INFO: [IL-BC] Skipping BC training (checkpoint loaded)
[10-06 12:28:43] INFO: [ABLATION] Continuing directly to online RL from random initialization
[10-06 12:28:43] INFO: [CKPT-LOAD] IL warm-start intentionally disabled for w/o ORCA pretraining ablation
[10-06 12:28:43] INFO: [JIT] 4090 UNLEASHED: torch.compile FORCED ON! (reduce-overhead mode, after checkpoint loads)
[10-06 12:28:43] INFO: [CURRICULUM] DISABLED - Focusing on standard environment
[10-06 12:28:43] INFO: [CURRICULUM] RL will use baseline 5-human circle environment (Nh=5, R=4)
[10-06 12:28:43] INFO: [ALGO] Value-lookahead (KDA): value regression + one-step lookahead, lr=1e-05
[10-06 12:28:43] INFO: [SARL-WARMUP] Replay warmup threshold: 5000 transitions
[10-06 12:28:43] INFO: [SARL] n_step=1, use_per=False
[10-06 12:28:43] INFO: [CHECKPOINT] interval=100 episodes
[10-06 12:28:43] INFO: [VECTORIZE] Parallel sampling disabled, using serial explorer
[10-06 12:28:43] INFO: [DIAGNOSTIC] ⚠ Using SERIAL sampling (no parallelization)
[10-06 12:28:43] INFO: [DIAGNOSTIC] Pre-RL policy evaluation (5 episodes)...
[10-06 12:28:43] INFO: [ENV-TRACK] Robot get_full_state #1: radius=0.300, v_pref=1.000, gx=0.000, gy=4.000
[10-06 12:28:43] INFO: [ACTION-SPACE] Built 80 actions (GRID 5×16, stop=False)
[10-06 12:28:45] INFO: [EXPLORER] RL-MAMBA-DOUBLEQ: JointState constructed, state_dim=(34,)
[10-06 12:28:45] INFO: [DENSE-REWARD-STEP] progress=-0.2500, progress_reward=0.0, time_penalty=0.0, robot_speed=1.000, step_reward=0.0000
[10-06 12:28:45] INFO: [ENV-TRACK] Robot get_full_state #2: radius=0.300, v_pref=1.000, gx=0.000, gy=4.000
[10-06 12:28:45] INFO: [ENV-TRACK] Robot get_full_state #3: radius=0.300, v_pref=1.000, gx=0.000, gy=4.000
[10-06 12:29:14] INFO: [DIAGNOSTIC] Pre-RL test performance: s/c/t=0.0%/0.0%/100.0%
[10-06 12:29:14] INFO: [TRAIN] Algorithm: sarl
[10-06 12:29:14] INFO: [P1-RL] Base config: human_num=5, circle_radius=4.0, success_radius=0.25
[10-06 12:29:18] WARNING: [STORE] Failed to store trajectory in episode 1: int() argument must be a string, a bytes-like object or a real number, not 'NoneType'
[10-06 12:29:18] INFO: FIRST_ACTION: Policy doesn't expose continuous action info, skipping debug
[10-06 12:29:18] INFO: [SARL-WARMUP] RL buffer size: 0, waiting for 256...
[10-06 12:29:18] INFO: [RL-EP-0001] (1/100) s/c/t=0/1/0 qloss=0.0000 ploss=0.0000 buf=0
[10-06 12:29:18] INFO:               cumulative s/c/t%: 0.0%/100.0%/0.0%
[10-06 12:29:18] INFO: [REPLAY-STORE] ok=0 skip=0 steps=0 buf=0
[10-06 12:29:20] WARNING: [STORE] Failed to store trajectory in episode 2: int() argument must be a string, a bytes-like object or a real number, not 'NoneType'
[10-06 12:29:20] INFO: [RL-EP-0002] (2/100) s/c/t=0/1/0 qloss=0.0000 ploss=0.0000 buf=0
[10-06 12:29:20] INFO:               cumulative s/c/t%: 0.0%/100.0%/0.0%
[10-06 12:29:20] INFO: [REPLAY-STORE] ok=0 skip=0 steps=0 buf=0
[10-06 12:29:25] WARNING: [STORE] Failed to store trajectory in episode 3: int() argument must be a string, a bytes-like object or a real number, not 'NoneType'
[10-06 12:29:25] INFO: [RL-EP-0003] (3/100) s/c/t=0/0/1 qloss=0.0000 ploss=0.0000 buf=0
[10-06 12:29:25] INFO:               cumulative s/c/t%: 0.0%/66.7%/33.3%
[10-06 12:29:25] INFO: [REPLAY-STORE] ok=0 skip=0 steps=0 buf=0
[10-06 12:29:30] WARNING: [STORE] Failed to store trajectory in episode 4: int() argument must be a string, a bytes-like object or a real number, not 'NoneType'
[10-06 12:29:30] INFO: [RL-EP-0004] (4/100) s/c/t=0/0/1 qloss=0.0000 ploss=0.0000 buf=0
[10-06 12:29:30] INFO:               cumulative s/c/t%: 0.0%/50.0%/50.0%
[10-06 12:29:30] INFO: [REPLAY-STORE] ok=0 skip=0 steps=0 buf=0
[10-06 12:29:34] WARNING: [STORE] Failed to store trajectory in episode 5: int() argument must be a string, a bytes-like object or a real number, not 'NoneType'
[10-06 12:29:34] INFO: [RL-EP-0005] (5/100) s/c/t=0/0/1 qloss=0.0000 ploss=0.0000 buf=0
[10-06 12:29:34] INFO:               cumulative s/c/t%: 0.0%/40.0%/60.0%
[10-06 12:29:34] INFO: [REPLAY-STORE] ok=0 skip=0 steps=0 buf=0
[10-06 12:29:39] WARNING: [STORE] Failed to store trajectory in episode 6: int() argument must be a string, a bytes-like object or a real number, not 'NoneType'
[10-06 12:29:39] INFO: [RL-EP-0006] (6/100) s/c/t=0/0/1 qloss=0.0000 ploss=0.0000 buf=0
[10-06 12:29:39] INFO:               cumulative s/c/t%: 0.0%/33.3%/66.7%
[10-06 12:29:39] INFO: [REPLAY-STORE] ok=0 skip=0 steps=0 buf=0
[10-06 12:29:44] WARNING: [STORE] Failed to store trajectory in episode 7: int() argument must be a string, a bytes-like object or a real number, not 'NoneType'
[10-06 12:29:44] INFO: [RL-EP-0007] (7/100) s/c/t=0/0/1 qloss=0.0000 ploss=0.0000 buf=0
[10-06 12:29:44] INFO:               cumulative s/c/t%: 0.0%/28.6%/71.4%
[10-06 12:29:44] INFO: [REPLAY-STORE] ok=0 skip=0 steps=0 buf=0
[10-06 12:29:48] WARNING: [STORE] Failed to store trajectory in episode 8: int() argument must be a string, a bytes-like object or a real number, not 'NoneType'
[10-06 12:29:48] INFO: [RL-EP-0008] (8/100) s/c/t=0/0/1 qloss=0.0000 ploss=0.0000 buf=0
[10-06 12:29:48] INFO:               cumulative s/c/t%: 0.0%/25.0%/75.0%
[10-06 12:29:48] INFO: [REPLAY-STORE] ok=0 skip=0 steps=0 buf=0
[10-06 12:29:49] WARNING: [STORE] Failed to store trajectory in episode 9: int() argument must be a string, a bytes-like object or a real number, not 'NoneType'
[10-06 12:29:49] INFO: [RL-EP-0009] (9/100) s/c/t=0/1/0 qloss=0.0000 ploss=0.0000 buf=0
[10-06 12:29:49] INFO:               cumulative s/c/t%: 0.0%/33.3%/66.7%
[10-06 12:29:49] INFO: [REPLAY-STORE] ok=0 skip=0 steps=0 buf=0
[10-06 12:29:54] WARNING: [STORE] Failed to store trajectory in episode 10: int() argument must be a string, a bytes-like object or a real number, not 'NoneType'
[10-06 12:29:54] INFO: [RL-EP-0010] (10/100) s/c/t=0/0/1 qloss=0.0000 ploss=0.0000 buf=0
[10-06 12:29:54] INFO:               cumulative s/c/t%: 0.0%/30.0%/70.0%
[10-06 12:29:54] INFO: [REPLAY-STORE] ok=0 skip=0 steps=0 buf=0
