{"at": 1791305526.2770798, "successful_sync": true}
{"at": 1791305654.4106622, "successful_sync": true}
{"at": 1791305806.3017254, "successful_sync": true}
{"at": 1791305932.8028858, "successful_sync": true}
{"at": 1791306060.6912732, "successful_sync": true}
{"at": 1791306189.542412, "successful_sync": true}
{"at": 1791306317.5071876, "successful_sync": true}
{"at": 1791306446.299666, "successful_sync": true}
{"at": 1791306573.034262, "successful_sync": true}
{"at": 1791306713.335081, "successful_sync": true}
{"at": 1791306839.1176188, "successful_sync": true}
{"at": 1791306966.7952418, "successful_sync": true}
{"at": 1791307094.5876014, "successful_sync": true}
{"at": 1791307221.384384, "successful_sync": true}
{"at": 1791307347.705719, "successful_sync": true}
{"at": 1791307473.7404013, "successful_sync": true}
{"at": 1791307610.3309386, "successful_sync": true}
{"at": 1791307735.6065464, "successful_sync": true}
kex_exchange_identification: Connection closed by remote host
rsync: connection unexpectedly closed (0 bytes received so far) [Receiver]
rsync error: unexplained error (code 255) at io.c(235) [Receiver=3.1.3]
{"at": 1791307859.7341566, "successful_sync": true}
{"at": 1791307985.0677795, "successful_sync": true}
{"at": 1791308110.6489756, "successful_sync": true}
{"at": 1791308235.8806775, "successful_sync": true}
{"at": 1791308360.8527122, "successful_sync": true}
{"at": 1791308485.990104, "successful_sync": true}
{"at": 1791308611.605393, "successful_sync": true}
{"at": 1791308736.9848003, "successful_sync": true}
{"at": 1791308861.9967546, "successful_sync": true}
{"at": 1791308987.8352206, "successful_sync": true}
{"at": 1791309113.7732463, "successful_sync": true}
{"at": 1791309239.50249, "successful_sync": true}
{"at": 1791309365.486935, "successful_sync": true}
{"at": 1791309491.2187886, "successful_sync": true}
{"at": 1791309617.1500263, "successful_sync": true}
{"at": 1791309742.735796, "successful_sync": true}
{"at": 1791309882.9674685, "successful_sync": true}
{"at": 1791310020.1056552, "successful_sync": true}
{"at": 1791310155.498553, "successful_sync": true}
{"at": 1791310281.1866162, "successful_sync": true}
{"at": 1791310406.9696834, "successful_sync": true}
{"at": 1791310533.0049353, "successful_sync": true}
{"at": 1791310658.5984411, "successful_sync": true}
{"at": 1791310798.6696846, "successful_sync": true}
{"at": 1791310935.4454489, "successful_sync": true}
{"at": 1791311061.181576, "successful_sync": true}
{"at": 1791311186.9658895, "successful_sync": true}
{"at": 1791311322.3074715, "successful_sync": true}
{"at": 1791311447.74643, "successful_sync": true}
{"at": 1791311572.9139097, "successful_sync": true}
{"at": 1791311713.0643742, "successful_sync": true}
{"at": 1791311850.1338668, "successful_sync": true}
{"at": 1791311975.769563, "successful_sync": true}
{"at": 1791312101.550351, "successful_sync": true}
{"at": 1791312227.0856955, "successful_sync": true}
{"at": 1791312362.4981003, "successful_sync": true}
{"at": 1791312488.33153, "successful_sync": true}
{"at": 1791312613.8452103, "successful_sync": true}
{"at": 1791312754.0859318, "successful_sync": true}
{"at": 1791312894.9351606, "successful_sync": true}
{"at": 1791313020.5704253, "successful_sync": true}
{"at": 1791313146.1043677, "successful_sync": true}
{"at": 1791313271.436103, "successful_sync": true}
{"at": 1791313396.848691, "successful_sync": true}
{"at": 1791313547.0783072, "successful_sync": true}
{"at": 1791313672.6592166, "successful_sync": true}
{"at": 1791313809.8404436, "successful_sync": true}
{"at": 1791313935.6287458, "successful_sync": true}
{"at": 1791314061.1827211, "successful_sync": true}
{"at": 1791314186.7453384, "successful_sync": true}
{"at": 1791314312.464957, "successful_sync": true}
{"at": 1791314438.050605, "successful_sync": true}
{"at": 1791314578.236217, "successful_sync": true}
{"at": 1791314713.802698, "successful_sync": true}
{"at": 1791314850.937182, "successful_sync": true}
{"at": 1791314976.699319, "successful_sync": true}
{"at": 1791315102.359124, "successful_sync": true}
{"at": 1791315228.1644654, "successful_sync": true}
{"at": 1791315368.6556797, "successful_sync": true}
{"at": 1791315494.3121276, "successful_sync": true}
{"at": 1791315620.0478668, "successful_sync": true}
{"at": 1791315757.1794713, "successful_sync": true}
{"at": 1791315892.4610589, "successful_sync": true}
{"at": 1791316018.1965706, "successful_sync": true}
{"at": 1791316144.130902, "successful_sync": true}
{"at": 1791316284.3239088, "successful_sync": true}
{"at": 1791316410.1023047, "successful_sync": true}
{"at": 1791316535.867868, "successful_sync": true}
{"at": 1791316661.5508773, "successful_sync": true}
{"at": 1791316798.7769034, "successful_sync": true}
{"at": 1791316934.2806268, "successful_sync": true}
{"at": 1791317060.2492723, "successful_sync": true}
{"at": 1791317200.748308, "successful_sync": true}
{"at": 1791317326.4360876, "successful_sync": true}
{"at": 1791317452.1672053, "successful_sync": true}
{"at": 1791317577.9941301, "successful_sync": true}
{"at": 1791317716.029798, "successful_sync": true}
{"at": 1791317841.581413, "successful_sync": true}
{"at": 1791317966.9284728, "successful_sync": true}
{"at": 1791318117.303107, "successful_sync": true}
{"at": 1791318243.288305, "successful_sync": true}
{"at": 1791318368.8841827, "successful_sync": true}
{"at": 1791318494.3653207, "successful_sync": true}
{"at": 1791318619.6180158, "successful_sync": true}
{"at": 1791318756.940327, "successful_sync": true}
{"at": 1791318897.2653239, "successful_sync": true}
{"at": 1791319023.1043887, "successful_sync": true}
{"at": 1791319158.8563797, "successful_sync": true}
{"at": 1791319284.6409824, "successful_sync": true}
{"at": 1791319410.2444613, "successful_sync": true}
{"at": 1791319535.901636, "successful_sync": true}
{"at": 1791319673.0769694, "successful_sync": true}
{"at": 1791319813.4222467, "successful_sync": true}
{"at": 1791319939.2574863, "successful_sync": true}
{"at": 1791320064.7816474, "successful_sync": true}
{"at": 1791320190.517405, "successful_sync": true}
{"at": 1791320326.3231232, "successful_sync": true}
{"at": 1791320451.9985113, "successful_sync": true}
{"at": 1791320592.6022735, "successful_sync": true}
{"at": 1791320729.7923195, "successful_sync": true}
{"at": 1791320855.479754, "successful_sync": true}
{"at": 1791320981.2148178, "successful_sync": true}
{"at": 1791321106.9988015, "successful_sync": true}
{"at": 1791321232.759089, "successful_sync": true}
{"at": 1791321358.4734282, "successful_sync": true}
{"at": 1791321509.2105477, "successful_sync": true}
{"at": 1791321646.5134952, "successful_sync": true}
{"at": 1791321772.1833048, "successful_sync": true}
{"at": 1791321897.9165227, "successful_sync": true}
{"at": 1791322023.4118881, "successful_sync": true}
{"at": 1791322148.8796048, "successful_sync": true}
{"at": 1791322274.4061115, "successful_sync": true}
{"at": 1791322399.907915, "successful_sync": true}
{"at": 1791322547.3780441, "successful_sync": true}
{"at": 1791322672.8665593, "successful_sync": true}
{"at": 1791322798.3995218, "successful_sync": true}
{"at": 1791322924.0380824, "successful_sync": true}
{"at": 1791323049.566226, "successful_sync": true}
{"at": 1791323175.194837, "successful_sync": true}
{"at": 1791323300.5298057, "successful_sync": true}
{"at": 1791323426.0141306, "successful_sync": true}
{"at": 1791323561.5921578, "successful_sync": true}
{"at": 1791323686.980634, "successful_sync": true}
{"at": 1791323812.4874196, "successful_sync": true}
{"at": 1791323937.8775718, "successful_sync": true}
{"at": 1791324063.5606565, "successful_sync": true}
{"at": 1791324189.1932256, "successful_sync": true}
{"at": 1791324314.8294094, "successful_sync": true}
{"at": 1791324440.366437, "successful_sync": true}
{"at": 1791324565.8605514, "successful_sync": true}
{"at": 1791324701.3868816, "successful_sync": true}
{"at": 1791324826.3385956, "successful_sync": true}
{"at": 1791324951.3213243, "successful_sync": true}
{"at": 1791325076.6012042, "successful_sync": true}
{"at": 1791325201.5782964, "successful_sync": true}
{"at": 1791325326.6616802, "successful_sync": true}
{"at": 1791325451.7924135, "successful_sync": true}
{"at": 1791325576.9229476, "successful_sync": true}
{"at": 1791325702.0022345, "successful_sync": true}
{"at": 1791325827.185177, "successful_sync": true}
{"at": 1791325952.3129444, "successful_sync": true}
Final artifact sync complete: COMPLETED
